29-May-2026 08:54:56.155 INFO [main] org.apache.catalina.startup.VersionLoggerListener.log Server version name:   Apache Tomcat/9.0.117
29-May-2026 08:54:56.162 INFO [main] org.apache.catalina.startup.VersionLoggerListener.log Server built:          Mar 30 2026 18:21:16 UTC
29-May-2026 08:54:56.162 INFO [main] org.apache.catalina.startup.VersionLoggerListener.log Server version number: 9.0.117.0
29-May-2026 08:54:56.163 INFO [main] org.apache.catalina.startup.VersionLoggerListener.log OS Name:               Windows 10
29-May-2026 08:54:56.163 INFO [main] org.apache.catalina.startup.VersionLoggerListener.log OS Version:            10.0
29-May-2026 08:54:56.163 INFO [main] org.apache.catalina.startup.VersionLoggerListener.log Architecture:          amd64
29-May-2026 08:54:56.163 INFO [main] org.apache.catalina.startup.VersionLoggerListener.log Java Home:             C:\Program Files\Java\jdk-21
29-May-2026 08:54:56.163 INFO [main] org.apache.catalina.startup.VersionLoggerListener.log JVM Version:           21.0.8+12-LTS-250
29-May-2026 08:54:56.163 INFO [main] org.apache.catalina.startup.VersionLoggerListener.log JVM Vendor:            Oracle Corporation
29-May-2026 08:54:56.164 INFO [main] org.apache.catalina.startup.VersionLoggerListener.log CATALINA_BASE:         C:\jav101-lab2-NguyenDucThinhNDT\.tomcat
29-May-2026 08:54:56.164 INFO [main] org.apache.catalina.startup.VersionLoggerListener.log CATALINA_HOME:         C:\apache-tomcat-9.0.117
29-May-2026 08:54:56.178 INFO [main] org.apache.catalina.startup.VersionLoggerListener.log Command line argument: --add-opens=java.base/java.lang=ALL-UNNAMED
29-May-2026 08:54:56.178 INFO [main] org.apache.catalina.startup.VersionLoggerListener.log Command line argument: --add-opens=java.base/java.io=ALL-UNNAMED
29-May-2026 08:54:56.178 INFO [main] org.apache.catalina.startup.VersionLoggerListener.log Command line argument: --add-opens=java.base/java.util=ALL-UNNAMED
29-May-2026 08:54:56.178 INFO [main] org.apache.catalina.startup.VersionLoggerListener.log Command line argument: --add-opens=java.base/java.util.concurrent=ALL-UNNAMED
29-May-2026 08:54:56.179 INFO [main] org.apache.catalina.startup.VersionLoggerListener.log Command line argument: --add-opens=java.rmi/sun.rmi.transport=ALL-UNNAMED
29-May-2026 08:54:56.179 INFO [main] org.apache.catalina.startup.VersionLoggerListener.log Command line argument: -Dcatalina.home=C:\apache-tomcat-9.0.117
29-May-2026 08:54:56.179 INFO [main] org.apache.catalina.startup.VersionLoggerListener.log Command line argument: -Dcatalina.base=C:\jav101-lab2-NguyenDucThinhNDT\.tomcat
29-May-2026 08:54:56.179 INFO [main] org.apache.catalina.startup.VersionLoggerListener.log Command line argument: -Djava.io.tmpdir=C:\jav101-lab2-NguyenDucThinhNDT\.tomcat\temp
29-May-2026 08:54:56.179 INFO [main] org.apache.catalina.startup.VersionLoggerListener.log Command line argument: -Djava.util.logging.config.file=C:\jav101-lab2-NguyenDucThinhNDT\.tomcat\conf\logging.properties
29-May-2026 08:54:56.180 INFO [main] org.apache.catalina.startup.VersionLoggerListener.log Command line argument: -Djava.util.logging.manager=org.apache.juli.ClassLoaderLogManager
29-May-2026 08:54:56.180 INFO [main] org.apache.catalina.startup.VersionLoggerListener.log Command line argument: -javaagent:C:\Program Files\JetBrains\IntelliJ IDEA 2026.1.2\lib\idea_rt.jar=62494
29-May-2026 08:54:56.180 INFO [main] org.apache.catalina.startup.VersionLoggerListener.log Command line argument: -Dfile.encoding=UTF-8
29-May-2026 08:54:56.180 INFO [main] org.apache.catalina.startup.VersionLoggerListener.log Command line argument: -Dsun.stdout.encoding=UTF-8
29-May-2026 08:54:56.180 INFO [main] org.apache.catalina.startup.VersionLoggerListener.log Command line argument: -Dsun.stderr.encoding=UTF-8
29-May-2026 08:54:56.272 INFO [main] org.apache.catalina.core.AprLifecycleListener.lifecycleEvent Loaded Apache Tomcat Native library [1.3.7] using APR version [1.7.6].
29-May-2026 08:54:56.272 INFO [main] org.apache.catalina.core.AprLifecycleListener.lifecycleEvent APR capabilities: IPv6 [true], sendfile [true], accept filters [false], random [true], UDS [true].
29-May-2026 08:54:56.272 INFO [main] org.apache.catalina.core.AprLifecycleListener.lifecycleEvent APR/OpenSSL configuration: useAprConnector [false], useOpenSSL [true]
29-May-2026 08:54:56.282 INFO [main] org.apache.catalina.core.AprLifecycleListener.initializeSSL OpenSSL successfully initialized [OpenSSL 3.0.19 27 Jan 2026]
29-May-2026 08:54:56.887 INFO [main] org.apache.coyote.AbstractProtocol.init Initializing ProtocolHandler ["http-nio-8080"]
29-May-2026 08:54:56.918 INFO [main] org.apache.catalina.startup.Catalina.load Server initialization in [1073] milliseconds
29-May-2026 08:54:57.007 INFO [main] org.apache.catalina.core.StandardService.startInternal Starting service [Catalina]
29-May-2026 08:54:57.008 INFO [main] org.apache.catalina.core.StandardEngine.startInternal Starting Servlet engine: [Apache Tomcat/9.0.117]
29-May-2026 08:54:57.026 INFO [main] org.apache.catalina.startup.HostConfig.deployDescriptor Deploying deployment descriptor [C:\jav101-lab2-NguyenDucThinhNDT\.tomcat\conf\Catalina\localhost\jav101-lab2-NguyenDucThinhNDT.xml]
29-May-2026 08:54:57.729 INFO [main] org.apache.catalina.startup.HostConfig.deployDescriptor Deployment of deployment descriptor [C:\jav101-lab2-NguyenDucThinhNDT\.tomcat\conf\Catalina\localhost\jav101-lab2-NguyenDucThinhNDT.xml] has finished in [702] ms
29-May-2026 08:54:57.735 INFO [main] org.apache.coyote.AbstractProtocol.start Starting ProtocolHandler ["http-nio-8080"]
29-May-2026 08:54:57.790 INFO [main] org.apache.catalina.startup.Catalina.start Server startup in [870] milliseconds
