27-May-2026 10:29:16.206 INFO [main] org.apache.catalina.startup.VersionLoggerListener.log Server version name:   Apache Tomcat/9.0.117
27-May-2026 10:29:16.210 INFO [main] org.apache.catalina.startup.VersionLoggerListener.log Server built:          Mar 30 2026 18:21:16 UTC
27-May-2026 10:29:16.211 INFO [main] org.apache.catalina.startup.VersionLoggerListener.log Server version number: 9.0.117.0
27-May-2026 10:29:16.211 INFO [main] org.apache.catalina.startup.VersionLoggerListener.log OS Name:               Windows 10
27-May-2026 10:29:16.211 INFO [main] org.apache.catalina.startup.VersionLoggerListener.log OS Version:            10.0
27-May-2026 10:29:16.211 INFO [main] org.apache.catalina.startup.VersionLoggerListener.log Architecture:          amd64
27-May-2026 10:29:16.211 INFO [main] org.apache.catalina.startup.VersionLoggerListener.log Java Home:             C:\Program Files\Java\jdk-21
27-May-2026 10:29:16.212 INFO [main] org.apache.catalina.startup.VersionLoggerListener.log JVM Version:           21.0.8+12-LTS-250
27-May-2026 10:29:16.212 INFO [main] org.apache.catalina.startup.VersionLoggerListener.log JVM Vendor:            Oracle Corporation
27-May-2026 10:29:16.212 INFO [main] org.apache.catalina.startup.VersionLoggerListener.log CATALINA_BASE:         C:\jav101-lab2-NguyenDucThinhNDT\.tomcat
27-May-2026 10:29:16.212 INFO [main] org.apache.catalina.startup.VersionLoggerListener.log CATALINA_HOME:         C:\apache-tomcat-9.0.117
27-May-2026 10:29:16.222 INFO [main] org.apache.catalina.startup.VersionLoggerListener.log Command line argument: --add-opens=java.base/java.lang=ALL-UNNAMED
27-May-2026 10:29:16.222 INFO [main] org.apache.catalina.startup.VersionLoggerListener.log Command line argument: --add-opens=java.base/java.io=ALL-UNNAMED
27-May-2026 10:29:16.222 INFO [main] org.apache.catalina.startup.VersionLoggerListener.log Command line argument: --add-opens=java.base/java.util=ALL-UNNAMED
27-May-2026 10:29:16.223 INFO [main] org.apache.catalina.startup.VersionLoggerListener.log Command line argument: --add-opens=java.base/java.util.concurrent=ALL-UNNAMED
27-May-2026 10:29:16.223 INFO [main] org.apache.catalina.startup.VersionLoggerListener.log Command line argument: --add-opens=java.rmi/sun.rmi.transport=ALL-UNNAMED
27-May-2026 10:29:16.224 INFO [main] org.apache.catalina.startup.VersionLoggerListener.log Command line argument: -Dcatalina.home=C:\apache-tomcat-9.0.117
27-May-2026 10:29:16.224 INFO [main] org.apache.catalina.startup.VersionLoggerListener.log Command line argument: -Dcatalina.base=C:\jav101-lab2-NguyenDucThinhNDT\.tomcat
27-May-2026 10:29:16.224 INFO [main] org.apache.catalina.startup.VersionLoggerListener.log Command line argument: -Djava.io.tmpdir=C:\jav101-lab2-NguyenDucThinhNDT\.tomcat\temp
27-May-2026 10:29:16.224 INFO [main] org.apache.catalina.startup.VersionLoggerListener.log Command line argument: -Djava.util.logging.config.file=C:\jav101-lab2-NguyenDucThinhNDT\.tomcat\conf\logging.properties
27-May-2026 10:29:16.224 INFO [main] org.apache.catalina.startup.VersionLoggerListener.log Command line argument: -Djava.util.logging.manager=org.apache.juli.ClassLoaderLogManager
27-May-2026 10:29:16.224 INFO [main] org.apache.catalina.startup.VersionLoggerListener.log Command line argument: -javaagent:C:\Program Files\JetBrains\IntelliJ IDEA 2026.1.2\lib\idea_rt.jar=62970
27-May-2026 10:29:16.224 INFO [main] org.apache.catalina.startup.VersionLoggerListener.log Command line argument: -Dfile.encoding=UTF-8
27-May-2026 10:29:16.225 INFO [main] org.apache.catalina.startup.VersionLoggerListener.log Command line argument: -Dsun.stdout.encoding=UTF-8
27-May-2026 10:29:16.225 INFO [main] org.apache.catalina.startup.VersionLoggerListener.log Command line argument: -Dsun.stderr.encoding=UTF-8
27-May-2026 10:29:16.318 INFO [main] org.apache.catalina.core.AprLifecycleListener.lifecycleEvent Loaded Apache Tomcat Native library [1.3.7] using APR version [1.7.6].
27-May-2026 10:29:16.319 INFO [main] org.apache.catalina.core.AprLifecycleListener.lifecycleEvent APR capabilities: IPv6 [true], sendfile [true], accept filters [false], random [true], UDS [true].
27-May-2026 10:29:16.319 INFO [main] org.apache.catalina.core.AprLifecycleListener.lifecycleEvent APR/OpenSSL configuration: useAprConnector [false], useOpenSSL [true]
27-May-2026 10:29:16.329 INFO [main] org.apache.catalina.core.AprLifecycleListener.initializeSSL OpenSSL successfully initialized [OpenSSL 3.0.19 27 Jan 2026]
27-May-2026 10:29:16.951 INFO [main] org.apache.coyote.AbstractProtocol.init Initializing ProtocolHandler ["http-nio-8080"]
27-May-2026 10:29:16.984 INFO [main] org.apache.catalina.startup.Catalina.load Server initialization in [1096] milliseconds
27-May-2026 10:29:17.063 INFO [main] org.apache.catalina.core.StandardService.startInternal Starting service [Catalina]
27-May-2026 10:29:17.063 INFO [main] org.apache.catalina.core.StandardEngine.startInternal Starting Servlet engine: [Apache Tomcat/9.0.117]
27-May-2026 10:29:17.086 INFO [main] org.apache.catalina.startup.HostConfig.deployDescriptor Deploying deployment descriptor [C:\jav101-lab2-NguyenDucThinhNDT\.tomcat\conf\Catalina\localhost\jav101-lab2-NguyenDucThinhNDT.xml]
27-May-2026 10:29:17.840 INFO [main] org.apache.catalina.startup.HostConfig.deployDescriptor Deployment of deployment descriptor [C:\jav101-lab2-NguyenDucThinhNDT\.tomcat\conf\Catalina\localhost\jav101-lab2-NguyenDucThinhNDT.xml] has finished in [753] ms
27-May-2026 10:29:17.845 INFO [main] org.apache.coyote.AbstractProtocol.start Starting ProtocolHandler ["http-nio-8080"]
27-May-2026 10:29:17.889 INFO [main] org.apache.catalina.startup.Catalina.start Server startup in [903] milliseconds
27-May-2026 10:30:46.067 INFO [Thread-1] org.apache.coyote.AbstractProtocol.pause Pausing ProtocolHandler ["http-nio-8080"]
27-May-2026 10:30:46.071 INFO [Thread-1] org.apache.catalina.core.StandardService.stopInternal Stopping service [Catalina]
27-May-2026 10:30:46.101 INFO [Thread-1] org.apache.coyote.AbstractProtocol.stop Stopping ProtocolHandler ["http-nio-8080"]
27-May-2026 10:30:46.116 INFO [Thread-1] org.apache.coyote.AbstractProtocol.destroy Destroying ProtocolHandler ["http-nio-8080"]
27-May-2026 10:30:51.611 INFO [main] org.apache.catalina.startup.VersionLoggerListener.log Server version name:   Apache Tomcat/9.0.117
27-May-2026 10:30:51.615 INFO [main] org.apache.catalina.startup.VersionLoggerListener.log Server built:          Mar 30 2026 18:21:16 UTC
27-May-2026 10:30:51.615 INFO [main] org.apache.catalina.startup.VersionLoggerListener.log Server version number: 9.0.117.0
27-May-2026 10:30:51.616 INFO [main] org.apache.catalina.startup.VersionLoggerListener.log OS Name:               Windows 10
27-May-2026 10:30:51.616 INFO [main] org.apache.catalina.startup.VersionLoggerListener.log OS Version:            10.0
27-May-2026 10:30:51.617 INFO [main] org.apache.catalina.startup.VersionLoggerListener.log Architecture:          amd64
27-May-2026 10:30:51.617 INFO [main] org.apache.catalina.startup.VersionLoggerListener.log Java Home:             C:\Program Files\Java\jdk-21
27-May-2026 10:30:51.617 INFO [main] org.apache.catalina.startup.VersionLoggerListener.log JVM Version:           21.0.8+12-LTS-250
27-May-2026 10:30:51.617 INFO [main] org.apache.catalina.startup.VersionLoggerListener.log JVM Vendor:            Oracle Corporation
27-May-2026 10:30:51.617 INFO [main] org.apache.catalina.startup.VersionLoggerListener.log CATALINA_BASE:         C:\jav101-lab2-NguyenDucThinhNDT\.tomcat
27-May-2026 10:30:51.617 INFO [main] org.apache.catalina.startup.VersionLoggerListener.log CATALINA_HOME:         C:\apache-tomcat-9.0.117
27-May-2026 10:30:51.627 INFO [main] org.apache.catalina.startup.VersionLoggerListener.log Command line argument: --add-opens=java.base/java.lang=ALL-UNNAMED
27-May-2026 10:30:51.628 INFO [main] org.apache.catalina.startup.VersionLoggerListener.log Command line argument: --add-opens=java.base/java.io=ALL-UNNAMED
27-May-2026 10:30:51.628 INFO [main] org.apache.catalina.startup.VersionLoggerListener.log Command line argument: --add-opens=java.base/java.util=ALL-UNNAMED
27-May-2026 10:30:51.628 INFO [main] org.apache.catalina.startup.VersionLoggerListener.log Command line argument: --add-opens=java.base/java.util.concurrent=ALL-UNNAMED
27-May-2026 10:30:51.628 INFO [main] org.apache.catalina.startup.VersionLoggerListener.log Command line argument: --add-opens=java.rmi/sun.rmi.transport=ALL-UNNAMED
27-May-2026 10:30:51.628 INFO [main] org.apache.catalina.startup.VersionLoggerListener.log Command line argument: -Dcatalina.home=C:\apache-tomcat-9.0.117
27-May-2026 10:30:51.629 INFO [main] org.apache.catalina.startup.VersionLoggerListener.log Command line argument: -Dcatalina.base=C:\jav101-lab2-NguyenDucThinhNDT\.tomcat
27-May-2026 10:30:51.629 INFO [main] org.apache.catalina.startup.VersionLoggerListener.log Command line argument: -Djava.io.tmpdir=C:\jav101-lab2-NguyenDucThinhNDT\.tomcat\temp
27-May-2026 10:30:51.629 INFO [main] org.apache.catalina.startup.VersionLoggerListener.log Command line argument: -Djava.util.logging.config.file=C:\jav101-lab2-NguyenDucThinhNDT\.tomcat\conf\logging.properties
27-May-2026 10:30:51.629 INFO [main] org.apache.catalina.startup.VersionLoggerListener.log Command line argument: -Djava.util.logging.manager=org.apache.juli.ClassLoaderLogManager
27-May-2026 10:30:51.629 INFO [main] org.apache.catalina.startup.VersionLoggerListener.log Command line argument: -javaagent:C:\Program Files\JetBrains\IntelliJ IDEA 2026.1.2\lib\idea_rt.jar=62990
27-May-2026 10:30:51.630 INFO [main] org.apache.catalina.startup.VersionLoggerListener.log Command line argument: -Dfile.encoding=UTF-8
27-May-2026 10:30:51.630 INFO [main] org.apache.catalina.startup.VersionLoggerListener.log Command line argument: -Dsun.stdout.encoding=UTF-8
27-May-2026 10:30:51.630 INFO [main] org.apache.catalina.startup.VersionLoggerListener.log Command line argument: -Dsun.stderr.encoding=UTF-8
27-May-2026 10:30:51.637 INFO [main] org.apache.catalina.core.AprLifecycleListener.lifecycleEvent Loaded Apache Tomcat Native library [1.3.7] using APR version [1.7.6].
27-May-2026 10:30:51.637 INFO [main] org.apache.catalina.core.AprLifecycleListener.lifecycleEvent APR capabilities: IPv6 [true], sendfile [true], accept filters [false], random [true], UDS [true].
27-May-2026 10:30:51.638 INFO [main] org.apache.catalina.core.AprLifecycleListener.lifecycleEvent APR/OpenSSL configuration: useAprConnector [false], useOpenSSL [true]
27-May-2026 10:30:51.647 INFO [main] org.apache.catalina.core.AprLifecycleListener.initializeSSL OpenSSL successfully initialized [OpenSSL 3.0.19 27 Jan 2026]
27-May-2026 10:30:52.189 INFO [main] org.apache.coyote.AbstractProtocol.init Initializing ProtocolHandler ["http-nio-8080"]
27-May-2026 10:30:52.220 INFO [main] org.apache.catalina.startup.Catalina.load Server initialization in [942] milliseconds
27-May-2026 10:30:52.295 INFO [main] org.apache.catalina.core.StandardService.startInternal Starting service [Catalina]
27-May-2026 10:30:52.296 INFO [main] org.apache.catalina.core.StandardEngine.startInternal Starting Servlet engine: [Apache Tomcat/9.0.117]
27-May-2026 10:30:52.310 INFO [main] org.apache.catalina.startup.HostConfig.deployDescriptor Deploying deployment descriptor [C:\jav101-lab2-NguyenDucThinhNDT\.tomcat\conf\Catalina\localhost\jav101-lab2-NguyenDucThinhNDT.xml]
27-May-2026 10:30:52.863 INFO [main] org.apache.catalina.startup.HostConfig.deployDescriptor Deployment of deployment descriptor [C:\jav101-lab2-NguyenDucThinhNDT\.tomcat\conf\Catalina\localhost\jav101-lab2-NguyenDucThinhNDT.xml] has finished in [552] ms
27-May-2026 10:30:52.869 INFO [main] org.apache.coyote.AbstractProtocol.start Starting ProtocolHandler ["http-nio-8080"]
27-May-2026 10:30:52.912 INFO [main] org.apache.catalina.startup.Catalina.start Server startup in [690] milliseconds
